# This run is recorded with 
- micro-batch size 32
- Timer = Yes
- Profiler = No

===== RUN INFORMATION =====
UTC start: 2026-09-13T13:30:42Z
Host: 942b910c2c5b
Python 3.11.10
PyTorch: 2.14.0+cu130
CUDA available: True
CUDA version: 13.0
===== CPU INFORMATION =====
Architecture:                            x86_64
CPU op-mode(s):                          32-bit, 64-bit
Address sizes:                           52 bits physical, 57 bits virtual
Byte Order:                              Little Endian
CPU(s):                                  128
On-line CPU(s) list:                     0-127
Vendor ID:                               AuthenticAMD
Model name:                              AMD EPYC 9554 64-Core Processor
CPU family:                              25
Model:                                   17
Thread(s) per core:                      1
Core(s) per socket:                      64
Socket(s):                               2
Stepping:                                1
Frequency boost:                         enabled
CPU max MHz:                             3764.2019
CPU min MHz:                             1500.0000
BogoMIPS:                                6199.67
Flags:                                   fpu vme de pse tsc msr pae mce cx8 apic sep mtrr pge mca cmov pat pse36 clflush mmx fxsr sse sse2 ht syscall nx mmxext fxsr_opt pdpe1gb rdtscp lm constant_tsc rep_good amd_lbr_v2 nopl xtopology nonstop_tsc cpuid extd_apicid aperfmperf rapl pni pclmulqdq monitor ssse3 fma cx16 pcid sse4_1 sse4_2 x2apic movbe popcnt aes xsave avx f16c rdrand lahf_lm cmp_legacy svm extapic cr8_legacy abm sse4a misalignsse 3dnowprefetch osvw ibs skinit wdt tce topoext perfctr_core perfctr_nb bpext perfctr_llc mwaitx cpuid_fault cpb cat_l3 cdp_l3 hw_pstate ssbd mba perfmon_v2 ibrs ibpb stibp ibrs_enhanced vmmcall fsgsbase bmi1 avx2 smep bmi2 erms invpcid cqm rdt_a avx512f avx512dq rdseed adx smap avx512ifma clflushopt clwb avx512cd sha_ni avx512bw avx512vl xsaveopt xsavec xgetbv1 xsaves cqm_llc cqm_occup_llc cqm_mbm_total cqm_mbm_local user_shstk avx512_bf16 clzero irperf xsaveerptr rdpru wbnoinvd amd_ppin cppc arat npt lbrv svm_lock nrip_save tsc_scale vmcb_clean flushbyasid decodeassists pausefilter pfthreshold avic v_vmsave_vmload vgif x2avic v_spec_ctrl vnmi avx512vbmi umip pku ospke avx512_vbmi2 gfni vaes vpclmulqdq avx512_vnni avx512_bitalg avx512_vpopcntdq la57 rdpid overflow_recov succor smca fsrm flush_l1d debug_swap
Virtualization:                          AMD-V
L1d cache:                               4 MiB (128 instances)
L1i cache:                               4 MiB (128 instances)
L2 cache:                                128 MiB (128 instances)
L3 cache:                                512 MiB (16 instances)
NUMA node(s):                            2
NUMA node0 CPU(s):                       0-63
NUMA node1 CPU(s):                       64-127
Vulnerability Gather data sampling:      Not affected
Vulnerability Ghostwrite:                Not affected
Vulnerability Indirect target selection: Not affected
Vulnerability Itlb multihit:             Not affected
Vulnerability L1tf:                      Not affected
Vulnerability Mds:                       Not affected
Vulnerability Meltdown:                  Not affected
Vulnerability Mmio stale data:           Not affected
Vulnerability Old microcode:             Not affected
Vulnerability Reg file data sampling:    Not affected
Vulnerability Retbleed:                  Not affected
Vulnerability Spec rstack overflow:      Mitigation; Safe RET
Vulnerability Spec store bypass:         Mitigation; Speculative Store Bypass disabled via prctl
Vulnerability Spectre v1:                Mitigation; usercopy/swapgs barriers and __user pointer sanitization
Vulnerability Spectre v2:                Mitigation; Enhanced / Automatic IBRS; IBPB conditional; STIBP disabled; PBRSB-eIBRS Not affected; BHI Not affected
Vulnerability Srbds:                     Not affected
Vulnerability Tsa:                       Mitigation; Clear CPU buffers
Vulnerability Tsx async abort:           Not affected
Vulnerability Vmscape:                   Mitigation; IBPB before exit to userspace
===== MEMORY INFORMATION =====
               total        used        free      shared  buff/cache   available
Mem:           1.0Ti        88Gi       213Gi       603Mi       705Gi       911Gi
Swap:             0B          0B          0B
===== GPU INFORMATION =====
Sun Sep 13 13:30:43 2026       
+-----------------------------------------------------------------------------------------+
| NVIDIA-SMI 580.159.03             Driver Version: 580.159.03     CUDA Version: 13.0     |
+-----------------------------------------+------------------------+----------------------+
| GPU  Name                 Persistence-M | Bus-Id          Disp.A | Volatile Uncorr. ECC |
| Fan  Temp   Perf          Pwr:Usage/Cap |           Memory-Usage | GPU-Util  Compute M. |
|                                         |                        |               MIG M. |
|=========================================+========================+======================|
|   0  NVIDIA L40S                    On  |   00000000:04:00.0 Off |                    0 |
| N/A   36C    P8             35W /  315W |       0MiB /  46068MiB |      0%      Default |
|                                         |                        |                  N/A |
+-----------------------------------------+------------------------+----------------------+

+-----------------------------------------------------------------------------------------+
| Processes:                                                                              |
|  GPU   GI   CI              PID   Type   Process name                        GPU Memory |
|        ID   ID                                                               Usage      |
|=========================================================================================|
|  No running processes found                                                             |
+-----------------------------------------------------------------------------------------+
===== BASELINE TRAINING =====
Using device: cuda
Global batch size: 512
Micro-batch size: 32
Gradient accumulation steps: 16
Step: 1, Time: 5.18s
Step: 1 completed
Step: 2, Time: 4.61s
Step: 2 completed
Step: 3, Time: 4.62s
Step: 3 completed
Step: 4, Time: 4.62s
Step: 4 completed
Step: 5, Time: 4.63s
Step: 5 completed
Step: 6, Time: 4.63s
Step: 6 completed
Step: 7, Time: 4.63s
Step: 7 completed
Step: 8, Time: 4.64s
Step: 8 completed
Step: 9, Time: 4.64s
Step: 9 completed
Step: 10, Time: 4.65s
Evaluation Time: 13.30s
Step: 10: Train Loss: 8.6423, Train bpb: 2.8187, Val Loss: 8.6431, Val bpb: 2.8239
Saved new best checkpoint with validation loss 8.6431
Step: 10 completed
Step: 11, Time: 4.67s
Step: 11 completed
Step: 12, Time: 4.67s
Step: 12 completed
Step: 13, Time: 4.67s
Step: 13 completed
Step: 14, Time: 4.67s
Step: 14 completed
Step: 15, Time: 4.68s
Step: 15 completed
Step: 16, Time: 4.68s
Step: 16 completed
Step: 17, Time: 4.68s
Step: 17 completed
Step: 18, Time: 4.69s
Step: 18 completed
Step: 19, Time: 4.67s
Step: 19 completed
Step: 20, Time: 4.68s
Evaluation Time: 13.24s
Step: 20: Train Loss: 8.0193, Train bpb: 2.6155, Val Loss: 8.0175, Val bpb: 2.6195
Saved new best checkpoint with validation loss 8.0175
Step: 20 completed
Step: 21, Time: 4.68s
Step: 21 completed
Step: 22, Time: 4.68s
Step: 22 completed
Step: 23, Time: 4.68s
Step: 23 completed
Step: 24, Time: 4.68s
Step: 24 completed
Step: 25, Time: 4.68s
Step: 25 completed
Step: 26, Time: 4.68s
Step: 26 completed
Step: 27, Time: 4.68s
Step: 27 completed
Step: 28, Time: 4.68s
Step: 28 completed
Step: 29, Time: 4.68s
Step: 29 completed
Step: 30, Time: 4.69s
Evaluation Time: 13.24s
Step: 30: Train Loss: 7.6140, Train bpb: 2.4833, Val Loss: 7.6091, Val bpb: 2.4861
Saved new best checkpoint with validation loss 7.6091
Step: 30 completed
Step: 31, Time: 4.71s
Step: 31 completed
Step: 32, Time: 4.68s
Step: 32 completed
Step: 33, Time: 4.68s
Step: 33 completed
Step: 34, Time: 4.69s
Step: 34 completed
Step: 35, Time: 4.69s
Step: 35 completed
