# This run is recorded with 
- micro-batch size 32
- Timer = No
- Profiler = Yes

===== RUN INFORMATION =====
UTC start: 2026-09-13T13:46:41Z
Host: 942b910c2c5b
Python 3.11.10
PyTorch: 2.14.0+cu130
CUDA available: True
CUDA version: 13.0
===== CPU INFORMATION =====
Architecture:                            x86_64
CPU op-mode(s):                          32-bit, 64-bit
Address sizes:                           52 bits physical, 57 bits virtual
Byte Order:                              Little Endian
CPU(s):                                  128
On-line CPU(s) list:                     0-127
Vendor ID:                               AuthenticAMD
Model name:                              AMD EPYC 9554 64-Core Processor
CPU family:                              25
Model:                                   17
Thread(s) per core:                      1
Core(s) per socket:                      64
Socket(s):                               2
Stepping:                                1
Frequency boost:                         enabled
CPU max MHz:                             3764.2019
CPU min MHz:                             1500.0000
BogoMIPS:                                6199.67
Flags:                                   fpu vme de pse tsc msr pae mce cx8 apic sep mtrr pge mca cmov pat pse36 clflush mmx fxsr sse sse2 ht syscall nx mmxext fxsr_opt pdpe1gb rdtscp lm constant_tsc rep_good amd_lbr_v2 nopl xtopology nonstop_tsc cpuid extd_apicid aperfmperf rapl pni pclmulqdq monitor ssse3 fma cx16 pcid sse4_1 sse4_2 x2apic movbe popcnt aes xsave avx f16c rdrand lahf_lm cmp_legacy svm extapic cr8_legacy abm sse4a misalignsse 3dnowprefetch osvw ibs skinit wdt tce topoext perfctr_core perfctr_nb bpext perfctr_llc mwaitx cpuid_fault cpb cat_l3 cdp_l3 hw_pstate ssbd mba perfmon_v2 ibrs ibpb stibp ibrs_enhanced vmmcall fsgsbase bmi1 avx2 smep bmi2 erms invpcid cqm rdt_a avx512f avx512dq rdseed adx smap avx512ifma clflushopt clwb avx512cd sha_ni avx512bw avx512vl xsaveopt xsavec xgetbv1 xsaves cqm_llc cqm_occup_llc cqm_mbm_total cqm_mbm_local user_shstk avx512_bf16 clzero irperf xsaveerptr rdpru wbnoinvd amd_ppin cppc arat npt lbrv svm_lock nrip_save tsc_scale vmcb_clean flushbyasid decodeassists pausefilter pfthreshold avic v_vmsave_vmload vgif x2avic v_spec_ctrl vnmi avx512vbmi umip pku ospke avx512_vbmi2 gfni vaes vpclmulqdq avx512_vnni avx512_bitalg avx512_vpopcntdq la57 rdpid overflow_recov succor smca fsrm flush_l1d debug_swap
Virtualization:                          AMD-V
L1d cache:                               4 MiB (128 instances)
L1i cache:                               4 MiB (128 instances)
L2 cache:                                128 MiB (128 instances)
L3 cache:                                512 MiB (16 instances)
NUMA node(s):                            2
NUMA node0 CPU(s):                       0-63
NUMA node1 CPU(s):                       64-127
Vulnerability Gather data sampling:      Not affected
Vulnerability Ghostwrite:                Not affected
Vulnerability Indirect target selection: Not affected
Vulnerability Itlb multihit:             Not affected
Vulnerability L1tf:                      Not affected
Vulnerability Mds:                       Not affected
Vulnerability Meltdown:                  Not affected
Vulnerability Mmio stale data:           Not affected
Vulnerability Old microcode:             Not affected
Vulnerability Reg file data sampling:    Not affected
Vulnerability Retbleed:                  Not affected
Vulnerability Spec rstack overflow:      Mitigation; Safe RET
Vulnerability Spec store bypass:         Mitigation; Speculative Store Bypass disabled via prctl
Vulnerability Spectre v1:                Mitigation; usercopy/swapgs barriers and __user pointer sanitization
Vulnerability Spectre v2:                Mitigation; Enhanced / Automatic IBRS; IBPB conditional; STIBP disabled; PBRSB-eIBRS Not affected; BHI Not affected
Vulnerability Srbds:                     Not affected
Vulnerability Tsa:                       Mitigation; Clear CPU buffers
Vulnerability Tsx async abort:           Not affected
Vulnerability Vmscape:                   Mitigation; IBPB before exit to userspace
===== MEMORY INFORMATION =====
               total        used        free      shared  buff/cache   available
Mem:           1.0Ti        88Gi       213Gi       604Mi       705Gi       911Gi
Swap:             0B          0B          0B
===== GPU INFORMATION =====
Sun Sep 13 13:46:42 2026       
+-----------------------------------------------------------------------------------------+
| NVIDIA-SMI 580.159.03             Driver Version: 580.159.03     CUDA Version: 13.0     |
+-----------------------------------------+------------------------+----------------------+
| GPU  Name                 Persistence-M | Bus-Id          Disp.A | Volatile Uncorr. ECC |
| Fan  Temp   Perf          Pwr:Usage/Cap |           Memory-Usage | GPU-Util  Compute M. |
|                                         |                        |               MIG M. |
|=========================================+========================+======================|
|   0  NVIDIA L40S                    On  |   00000000:04:00.0 Off |                    0 |
| N/A   41C    P8             36W /  315W |       0MiB /  46068MiB |      0%      Default |
|                                         |                        |                  N/A |
+-----------------------------------------+------------------------+----------------------+

+-----------------------------------------------------------------------------------------+
| Processes:                                                                              |
|  GPU   GI   CI              PID   Type   Process name                        GPU Memory |
|        ID   ID                                                               Usage      |
|=========================================================================================|
|  No running processes found                                                             |
+-----------------------------------------------------------------------------------------+
===== BASELINE TRAINING =====
Using device: cuda
Global batch size: 512
Micro-batch size: 32
Gradient accumulation steps: 16
Step: 1 completed
Step: 2 completed
Step: 3 completed
Step: 4 completed
Step: 5 completed
USDT:2026-09-13 13:47:16 19306:19306 SyncActivityProfilerHandler.cpp:39] profiler_start
Step: 6 completed
USDT:2026-09-13 13:47:21 19306:19306 SyncActivityProfilerHandler.cpp:46] profiler_stop
Step: 7 completed
Step: 8 completed
Step: 9: Train Loss: 8.7265, Train bpb: 2.8461, Val Loss: 8.7258, Val bpb: 2.8510
Saved new best checkpoint with validation loss 8.7258
Step: 9 completed
-------------------------------------------------------  ------------  ------------  ------------  ------------  ------------  ------------  ------------  ------------  ------------  ------------  
                                                   Name    Self CPU %      Self CPU   CPU total %     CPU total  CPU time avg     Self CUDA   Self CUDA %    CUDA total  CUDA time avg    # of Calls  
-------------------------------------------------------  ------------  ------------  ------------  ------------  ------------  ------------  ------------  ------------  ------------  ------------  
                                          ProfilerStep*         0.00%       0.000us         0.00%       0.000us       0.000us        4.452s        93.13%        4.452s        4.452s             1  
                                          ProfilerStep*         6.94%     466.782ms        69.21%        4.656s        4.656s       0.000us         0.00%        1.580s        1.580s             1  
                                           aten::linear         0.08%       5.415ms         1.28%      86.252ms      55.008us       0.000us         0.00%        1.124s     717.110us          1568  
    autograd::engine::evaluate_function: AddmmBackward0         0.13%       9.061ms         6.64%     446.700ms     569.770us       0.000us         0.00%        1.106s       1.410ms           784  
                                         AddmmBackward0         0.08%       5.080ms         4.17%     280.410ms     357.666us       0.000us         0.00%     963.852ms       1.229ms           784  
                                               aten::mm         0.40%      27.109ms         4.00%     269.086ms     171.611us     963.852ms        20.16%     963.852ms     614.701us          1568  
                                            aten::copy_         0.53%      35.804ms        41.37%        2.783s     323.274us     732.374ms        15.32%     732.374ms      85.081us          8608  
                                            aten::addmm         0.25%      16.544ms         0.30%      20.170ms      25.727us     509.628ms        10.66%     509.628ms     650.036us           784  
autograd::engine::evaluate_function: NativeLayerNorm...         0.08%       5.155ms         1.51%     101.330ms     253.324us       0.000us         0.00%     473.817ms       1.185ms           400  
                                               aten::to         0.07%       4.454ms        38.74%        2.606s     438.988us       0.000us         0.00%     409.155ms      68.916us          5937  
                                         aten::_to_copy         0.19%      13.080ms        38.68%        2.602s     505.011us       0.000us         0.00%     409.155ms      79.417us          5152  
void cutlass::Kernel2<cutlass_80_tensorop_bf16_s1681...         0.00%       0.000us         0.00%       0.000us       0.000us     344.591ms         7.21%     344.591ms     861.479us           400  
                               NativeLayerNormBackward0         0.02%       1.238ms         1.07%      72.291ms     180.726us       0.000us         0.00%     341.406ms     853.515us           400  
                       aten::native_layer_norm_backward         0.05%       3.597ms         1.06%      71.053ms     177.632us     341.406ms         7.14%     341.406ms     853.515us           400  
ampere_bf16_s16816gemm_bf16_256x128_ldg8_f2f_stages_...         0.00%       0.000us         0.00%       0.000us       0.000us     333.574ms         6.98%     333.574ms     794.224us           420  
autograd::engine::evaluate_function: ScaledDotProduc...         0.04%       2.888ms         0.80%      53.891ms     280.685us       0.000us         0.00%     305.762ms       1.593ms           192  
                ScaledDotProductFlashAttentionBackward0         0.02%       1.040ms         0.76%      51.003ms     265.642us       0.000us         0.00%     305.762ms       1.593ms           192  
     aten::_scaled_dot_product_flash_attention_backward         0.03%       2.139ms         0.74%      49.964ms     260.228us       0.000us         0.00%     305.762ms       1.593ms           192  
                        aten::_flash_attention_backward         0.04%       2.989ms         0.69%      46.200ms     240.624us     305.762ms         6.40%     305.762ms       1.593ms           192  
void at::native::vectorized_elementwise_kernel<4, at...         0.00%       0.000us         0.00%       0.000us       0.000us     269.425ms         5.64%     269.425ms      85.369us          3156  
void cutlass::Kernel2<cutlass_80_tensorop_bf16_s1681...         0.00%       0.000us         0.00%       0.000us       0.000us     261.328ms         5.47%     261.328ms     645.255us           405  
                                             aten::add_         0.20%      13.161ms         4.69%     315.425ms      80.466us     255.345ms         5.34%     255.345ms      65.139us          3920  
void at::native::elementwise_kernel<128, 4, at::nati...         0.00%       0.000us         0.00%       0.000us       0.000us     243.018ms         5.08%     243.018ms      76.905us          3160  
                                              aten::mul         0.29%      19.266ms         3.55%     238.703ms      77.703us     239.280ms         5.01%     239.280ms      77.891us          3072  
void at::native::elementwise_kernel<128, 4, at::nati...         0.00%       0.000us         0.00%       0.000us       0.000us     217.723ms         4.55%     217.723ms      77.814us          2798  
ampere_bf16_s1688gemm_bf16_128x128_ldg8_f2f_stages_3...         0.00%       0.000us         0.00%       0.000us       0.000us     211.698ms         4.43%     211.698ms     524.005us           404  
void pytorch_flash::flash_bwd_dq_dk_dv_loop_seqk_par...         0.00%       0.000us         0.00%       0.000us       0.000us     205.369ms         4.30%     205.369ms       1.017ms           202  
void at::native::(anonymous namespace)::layer_norm_g...         0.00%       0.000us         0.00%       0.000us       0.000us     198.152ms         4.15%     198.152ms     470.671us           421  
autograd::engine::evaluate_function: torch::autograd...         0.06%       4.144ms         2.64%     177.817ms     231.533us       0.000us         0.00%     190.316ms     247.808us           768  
                            torch::autograd::CopySlices         0.08%       5.449ms         2.58%     173.673ms     226.137us       0.000us         0.00%     190.316ms     247.808us           768  
void at::native::vectorized_elementwise_kernel<4, at...         0.00%       0.000us         0.00%       0.000us       0.000us     171.584ms         3.59%     171.584ms     849.427us           202  
ampere_bf16_s1688gemm_bf16_128x128_ldg8_relu_f2f_sta...         0.00%       0.000us         0.00%       0.000us       0.000us     165.037ms         3.45%     165.037ms     429.783us           384  
     autograd::engine::evaluate_function: GeluBackward0         0.02%       1.137ms         0.45%      29.954ms     156.009us       0.000us         0.00%     163.076ms     849.352us           192  
                                          GeluBackward0         0.01%     393.145us         0.43%      28.816ms     150.085us       0.000us         0.00%     163.076ms     849.352us           192  
                                    aten::gelu_backward         0.02%       1.418ms         0.42%      28.423ms     148.037us     163.076ms         3.41%     163.076ms     849.352us           192  
                                              aten::add         0.08%       5.271ms         0.12%       7.997ms      10.413us     162.400ms         3.40%     162.400ms     211.458us           768  
void at::native::(anonymous namespace)::GammaBetaBac...         0.00%       0.000us         0.00%       0.000us       0.000us     161.172ms         3.37%     161.172ms     382.831us           421  
void at::native::vectorized_elementwise_kernel<4, at...         0.00%       0.000us         0.00%       0.000us       0.000us     160.357ms         3.35%     160.357ms      57.954us          2767  
void at::native::reduce_kernel<128, 4, at::native::R...         0.00%       0.000us         0.00%       0.000us       0.000us     147.428ms         3.08%     147.428ms     178.701us           825  
void at::native::unrolled_elementwise_kernel<at::nat...         0.00%       0.000us         0.00%       0.000us       0.000us     146.797ms         3.07%     146.797ms      70.339us          2087  
autograd::engine::evaluate_function: ToCopyBackward0...         0.11%       7.261ms         1.95%     130.895ms      65.975us       0.000us         0.00%     144.862ms      73.015us          1984  
                                        ToCopyBackward0         0.03%       1.704ms         1.84%     123.634ms      62.316us       0.000us         0.00%     144.862ms      73.015us          1984  
void at::native::vectorized_elementwise_kernel<4, at...         0.00%       0.000us         0.00%       0.000us       0.000us     144.457ms         3.02%     144.457ms      72.738us          1986  
void at::native::unrolled_elementwise_kernel<at::nat...         0.00%       0.000us         0.00%       0.000us       0.000us     143.846ms         3.01%     143.846ms     374.599us           384  
                                              aten::sum         0.17%      11.393ms         2.33%     156.413ms     199.506us     141.950ms         2.97%     141.950ms     181.058us           784  
    autograd::engine::evaluate_function: SliceBackward0         0.05%       3.411ms         2.55%     171.243ms     222.972us       0.000us         0.00%     134.639ms     175.311us           768  
                               aten::cross_entropy_loss         0.00%     103.791us         0.02%       1.374ms      85.868us       0.000us         0.00%     130.580ms       8.161ms            16  
void at::native::(anonymous namespace)::CatArrayBatc...         0.00%       0.000us         0.00%       0.000us       0.000us     121.182ms         2.54%     121.182ms     596.958us           203  
      autograd::engine::evaluate_function: MulBackward0         0.13%       8.741ms         4.78%     321.832ms     209.526us       0.000us         0.00%     118.758ms      77.317us          1536  
                                       aten::layer_norm         0.01%     978.500us         0.16%      10.774ms      26.935us       0.000us         0.00%     118.582ms     296.455us           400  
-------------------------------------------------------  ------------  ------------  ------------  ------------  ------------  ------------  ------------  ------------  ------------  ------------  
Self CPU time total: 6.727s
Self CUDA time total: 4.780s

Profiler table saved to /root/mesoGPT/experiments/exp_003/runs/2026-09-13_13-46-41_UTC/profiler_table.txt
	Command being timed: "python -u experiments/exp_003/base_train.py --context_length 1024 --n_embed 768 --n_layers 12 --n_heads 12 --dropout 0.1 --global_batch_size 512 --micro_batch_size 32 --optimizer_steps 9 --max_lr 3e-4 --min_lr 3e-5 --warmup_steps 40 --max_lr_schedule_steps 9 --eval_interval 10 --eval_iters 64 --stride 1024 --num_workers 4 --run_dir /root/mesoGPT/experiments/exp_003/runs/2026-09-13_13-46-41_UTC"
	User time (seconds): 94.67
	System time (seconds): 16.93
	Percent of CPU this job got: 153%
	Elapsed (wall clock) time (h:mm:ss or m:ss): 1:12.89
	Average shared text size (kbytes): 0
	Average unshared data size (kbytes): 0
	Average stack size (kbytes): 0
	Average total size (kbytes): 0
	Maximum resident set size (kbytes): 2399612
	Average resident set size (kbytes): 0
	Major (requiring I/O) page faults: 0
	Minor (reclaiming a frame) page faults: 1238182
	Voluntary context switches: 19197
	Involuntary context switches: 6031
	Swaps: 0
	File system inputs: 0
	File system outputs: 2289176
	Socket messages sent: 0
	Socket messages received: 0
	Signals delivered: 0
	Page size (bytes): 4096
	Exit status: 0
===== RUN COMPLETE =====
UTC end: 2026-09-13T13:47:56Z
Run directory: /root/mesoGPT/experiments/exp_003/runs/2026-09-13_13-46-41_UTC
Training log: /root/mesoGPT/experiments/exp_003/runs/2026-09-13_13-46-41_UTC/train.log
GPU metrics: /root/mesoGPT/experiments/exp_003/runs/2026-09-13_13-46-41_UTC/gpu_metrics.csv
