===== RUN INFORMATION =====
UTC start: 2026-09-05T10:22:52Z
Host: ip-172-31-16-155
Python 3.12.14
/home/ubuntu/mesoGPT/.venv-runpod/lib/python3.12/site-packages/torch/_subclasses/functional_tensor.py:275: UserWarning: Failed to initialize NumPy: No module named 'numpy' (Triggered internally at /pytorch/torch/csrc/utils/tensor_numpy.cpp:81.)
  cpu = _conversion_method_template(device=torch.device("cpu"))
PyTorch: 2.6.0+cu124
CUDA available: True
CUDA version: 12.4
===== CPU INFORMATION =====
Architecture:                            x86_64
CPU op-mode(s):                          32-bit, 64-bit
Address sizes:                           48 bits physical, 48 bits virtual
Byte Order:                              Little Endian
CPU(s):                                  4
On-line CPU(s) list:                     0-3
Vendor ID:                               AuthenticAMD
Model name:                              AMD EPYC 7R13 Processor
CPU family:                              25
Model:                                   1
Thread(s) per core:                      2
Core(s) per socket:                      2
Socket(s):                               1
Stepping:                                1
BogoMIPS:                                5299.99
Flags:                                   fpu vme de pse tsc msr pae mce cx8 apic sep mtrr pge mca cmov pat pse36 clflush mmx fxsr sse sse2 ht syscall nx mmxext fxsr_opt pdpe1gb rdtscp lm constant_tsc rep_good nopl xtopology nonstop_tsc cpuid extd_apicid aperfmperf tsc_known_freq pni pclmulqdq ssse3 fma cx16 pcid sse4_1 sse4_2 x2apic movbe popcnt aes xsave avx f16c rdrand hypervisor lahf_lm cmp_legacy cr8_legacy abm sse4a misalignsse 3dnowprefetch topoext ssbd ibrs ibpb stibp vmmcall fsgsbase bmi1 avx2 smep bmi2 invpcid rdseed adx smap clflushopt clwb sha_ni xsaveopt xsavec xgetbv1 clzero xsaveerptr rdpru wbnoinvd arat npt nrip_save vaes vpclmulqdq rdpid
Hypervisor vendor:                       KVM
Virtualization type:                     full
L1d cache:                               64 KiB (2 instances)
L1i cache:                               64 KiB (2 instances)
L2 cache:                                1 MiB (2 instances)
L3 cache:                                8 MiB (1 instance)
NUMA node(s):                            1
NUMA node0 CPU(s):                       0-3
Vulnerability Gather data sampling:      Not affected
Vulnerability Ghostwrite:                Not affected
Vulnerability Indirect target selection: Not affected
Vulnerability Itlb multihit:             Not affected
Vulnerability L1tf:                      Not affected
Vulnerability Mds:                       Not affected
Vulnerability Meltdown:                  Not affected
Vulnerability Mmio stale data:           Not affected
Vulnerability Old microcode:             Not affected
Vulnerability Reg file data sampling:    Not affected
Vulnerability Retbleed:                  Not affected
Vulnerability Spec rstack overflow:      Mitigation; Safe RET
Vulnerability Spec store bypass:         Mitigation; Speculative Store Bypass disabled via prctl
Vulnerability Spectre v1:                Mitigation; usercopy/swapgs barriers and __user pointer sanitization
Vulnerability Spectre v2:                Mitigation; Retpolines; IBPB conditional; IBRS_FW; STIBP always-on; RSB filling; PBRSB-eIBRS Not affected; BHI Not affected
Vulnerability Srbds:                     Not affected
Vulnerability Tsa:                       Mitigation; Clear CPU buffers
Vulnerability Tsx async abort:           Not affected
Vulnerability Vmscape:                   Not affected
===== MEMORY INFORMATION =====
               total        used        free      shared  buff/cache   available
Mem:            30Gi       2.9Gi        14Gi       5.2Mi        14Gi        27Gi
Swap:             0B          0B          0B
===== GPU INFORMATION =====
Sat Sep  5 10:22:53 2026       
+-----------------------------------------------------------------------------------------+
| NVIDIA-SMI 595.91.07              Driver Version: 595.91.07      CUDA Version: 13.2     |
+-----------------------------------------+------------------------+----------------------+
| GPU  Name                 Persistence-M | Bus-Id          Disp.A | Volatile Uncorr. ECC |
| Fan  Temp   Perf          Pwr:Usage/Cap |           Memory-Usage | GPU-Util  Compute M. |
|                                         |                        |               MIG M. |
|=========================================+========================+======================|
|   0  NVIDIA L40S                    On  |   00000000:30:00.0 Off |                    0 |
| N/A   39C    P0             70W /  350W |       0MiB /  46068MiB |      0%      Default |
|                                         |                        |                  N/A |
+-----------------------------------------+------------------------+----------------------+

+-----------------------------------------------------------------------------------------+
| Processes:                                                                              |
|  GPU   GI   CI              PID   Type   Process name                        GPU Memory |
|        ID   ID                                                               Usage      |
|=========================================================================================|
|  No running processes found                                                             |
+-----------------------------------------------------------------------------------------+
===== BASELINE TRAINING =====
/home/ubuntu/mesoGPT/.venv-runpod/lib/python3.12/site-packages/torch/_subclasses/functional_tensor.py:275: UserWarning: Failed to initialize NumPy: No module named 'numpy' (Triggered internally at /pytorch/torch/csrc/utils/tensor_numpy.cpp:81.)
  cpu = _conversion_method_template(device=torch.device("cpu"))
Using device: cuda
Global batch size: 512
Micro-batch size: 16
Gradient accumulation steps: 32
Step: 1, Time: 17.80s
Step: 2, Time: 17.13s
Step: 3, Time: 17.14s
Step: 4, Time: 17.14s
Step: 5, Time: 17.15s
Step: 6, Time: 17.15s
Step: 7, Time: 17.15s
Step: 8, Time: 17.15s
Step: 9, Time: 17.16s
Step: 10, Time: 17.16s
Evaluation Time: 23.83s
Step: 10: Train Loss: 8.6581, Train bpb: 2.8253, Val Loss: 8.6555, Val bpb: 2.8221
Saved new best checkpoint with validation loss 8.6555
Step: 11, Time: 17.16s
Traceback (most recent call last):
  File "/home/ubuntu/mesoGPT/experiments/exp_002/base_train.py", line 344, in <module>
    train(
  File "/home/ubuntu/mesoGPT/experiments/exp_002/base_train.py", line 165, in train
    xb = xb.to(device)
         ^^^^^^^^^^^^^
KeyboardInterrupt
Command terminated by signal 2
	Command being timed: "python -u experiments/exp_002/base_train.py --context_length 1024 --n_embed 768 --n_layers 12 --n_heads 12 --dropout 0.1 --global_batch_size 512 --micro_batch_size 16 --optimizer_steps 3726 --max_lr 3e-4 --min_lr 3e-5 --warmup_steps 40 --max_lr_schedule_steps 3726 --eval_interval 10 --eval_iters 64 --stride 1024 --num_workers 4 --run_dir /home/ubuntu/mesoGPT/experiments/exp_002/runs/2026-09-05_10-22-52_UTC"
	User time (seconds): 180.23
	System time (seconds): 55.22
	Percent of CPU this job got: 103%
	Elapsed (wall clock) time (h:mm:ss or m:ss): 3:47.69
	Average shared text size (kbytes): 0
	Average unshared data size (kbytes): 0
	Average stack size (kbytes): 0
	Average total size (kbytes): 0
	Maximum resident set size (kbytes): 1645420
	Average resident set size (kbytes): 0
	Major (requiring I/O) page faults: 0
	Minor (reclaiming a frame) page faults: 733021
	Voluntary context switches: 37435
	Involuntary context switches: 2317
	Swaps: 0
	File system inputs: 0
	File system outputs: 2387448
	Socket messages sent: 0
	Socket messages received: 0
	Signals delivered: 0
	Page size (bytes): 4096
	Exit status: 0
